(* MIT License

   Copyright (c) 2017-2023, Facebook, Inc. Copyright (c) 2023-present, Tarides.

   Permission is hereby granted, free of charge, to any person obtaining a copy
   of this software and associated documentation files (the "Software"), to deal
   in the Software without restriction, including without limitation the rights
   to use, copy, modify, merge, publish, distribute, sublicense, and/or sell
   copies of the Software, and to permit persons to whom the Software is
   furnished to do so, subject to the following conditions:

   The above copyright notice and this permission notice shall be included in
   all copies or substantial portions of the Software.

   THE SOFTWARE IS PROVIDED "AS IS", WITHOUT WARRANTY OF ANY KIND, EXPRESS OR
   IMPLIED, INCLUDING BUT NOT LIMITED TO THE WARRANTIES OF MERCHANTABILITY,
   FITNESS FOR A PARTICULAR PURPOSE AND NONINFRINGEMENT. IN NO EVENT SHALL THE
   AUTHORS OR COPYRIGHT HOLDERS BE LIABLE FOR ANY CLAIM, DAMAGES OR OTHER
   LIABILITY, WHETHER IN AN ACTION OF CONTRACT, TORT OR OTHERWISE, ARISING FROM,
   OUT OF OR IN CONNECTION WITH THE SOFTWARE OR THE USE OR OTHER DEALINGS IN THE
   SOFTWARE. *)

let f y = y
let x = ref x
let x = ignore_local x
let f (r : r) = ref r.x
let f (r : r) = ignore_local r.x [@nontail]
let f () = (3, 5)

let f () =
  let g = x in
  g
;;

let f () = List.length [ 1; 2; 3 ]
let x = x

let x =
  let y = 1 in
  Some y
;;

let x = c#x
let _ = X foo [@bar]
let _ = X (foo [@bar])
let _ = fun [@bar] x -> x

(* Constructor without arg *)
let x = Foo

(* Polymorphic variant *)
let x = `Foo
let x = `Bar 42

(* Array *)
let x = [| 1; 2; 3 |]

(* Record *)
let x = { x = 1 }

(* Object *)
class foo cla = object method bar = {< >} end

let f () = object end
let f () = new cla

(* Lazy *)
let x = lazy "hello"

(* Uminus/uplus — not simple_expr, need parens *)
let x = -x
let x = -42
let x = +x
let x = 42
let x = -(-x)
let x = 42

(* If/then/else — needs parens *)
let x = if x then y else z

(* Assignment — needs parens *)
let x = r.x <- x

(* Comments *)
let x = (* 1 *) (* 2 *) x
